[    1433ms] [ERROR] WebSocket connection to 'wss://change-detection.nicolkrit.ch/socket.io/?EIO=4&transport=websocket' failed:  @ https://change-detection.nicolkrit.ch/static/js/socket.io.min.js:5
[    1433ms] [ERROR] Socket.IO connection error: Error: websocket error
    at a.value (https://change-detection.nicolkrit.ch/static/js/socket.io.min.js:6:4712)
    at ws.onerror (https://change-detection.nicolkrit.ch/static/js/socket.io.min.js:6:58447) @ https://change-detection.nicolkrit.ch/static/js/realtime.js:101
[    9242ms] [ERROR] WebSocket connection to 'wss://change-detection.nicolkrit.ch/socket.io/?EIO=4&transport=websocket' failed:  @ https://change-detection.nicolkrit.ch/static/js/socket.io.min.js:5
[    9242ms] [ERROR] Socket.IO connection error: Error: websocket error
    at a.value (https://change-detection.nicolkrit.ch/static/js/socket.io.min.js:6:4712)
    at ws.onerror (https://change-detection.nicolkrit.ch/static/js/socket.io.min.js:6:58447) @ https://change-detection.nicolkrit.ch/static/js/realtime.js:101
[   17396ms] [ERROR] WebSocket connection to 'wss://change-detection.nicolkrit.ch/socket.io/?EIO=4&transport=websocket' failed:  @ https://change-detection.nicolkrit.ch/static/js/socket.io.min.js:5
[   17396ms] [ERROR] Socket.IO connection error: Error: websocket error
    at a.value (https://change-detection.nicolkrit.ch/static/js/socket.io.min.js:6:4712)
    at ws.onerror (https://change-detection.nicolkrit.ch/static/js/socket.io.min.js:6:58447) @ https://change-detection.nicolkrit.ch/static/js/realtime.js:101
[   26249ms] [ERROR] WebSocket connection to 'wss://change-detection.nicolkrit.ch/socket.io/?EIO=4&transport=websocket' failed:  @ https://change-detection.nicolkrit.ch/static/js/socket.io.min.js:5
[   26249ms] [ERROR] Socket.IO connection error: Error: websocket error
    at a.value (https://change-detection.nicolkrit.ch/static/js/socket.io.min.js:6:4712)
    at ws.onerror (https://change-detection.nicolkrit.ch/static/js/socket.io.min.js:6:58447) @ https://change-detection.nicolkrit.ch/static/js/realtime.js:101
[   33602ms] [ERROR] WebSocket connection to 'wss://change-detection.nicolkrit.ch/socket.io/?EIO=4&transport=websocket' failed:  @ https://change-detection.nicolkrit.ch/static/js/socket.io.min.js:5
[   33602ms] [ERROR] Socket.IO connection error: Error: websocket error
    at a.value (https://change-detection.nicolkrit.ch/static/js/socket.io.min.js:6:4712)
    at ws.onerror (https://change-detection.nicolkrit.ch/static/js/socket.io.min.js:6:58447) @ https://change-detection.nicolkrit.ch/static/js/realtime.js:101
[   41835ms] [ERROR] WebSocket connection to 'wss://change-detection.nicolkrit.ch/socket.io/?EIO=4&transport=websocket' failed:  @ https://change-detection.nicolkrit.ch/static/js/socket.io.min.js:5
[   41835ms] [ERROR] Socket.IO connection error: Error: websocket error
    at a.value (https://change-detection.nicolkrit.ch/static/js/socket.io.min.js:6:4712)
    at ws.onerror (https://change-detection.nicolkrit.ch/static/js/socket.io.min.js:6:58447) @ https://change-detection.nicolkrit.ch/static/js/realtime.js:101
[   49652ms] [ERROR] WebSocket connection to 'wss://change-detection.nicolkrit.ch/socket.io/?EIO=4&transport=websocket' failed:  @ https://change-detection.nicolkrit.ch/static/js/socket.io.min.js:5
[   49652ms] [ERROR] Socket.IO connection error: Error: websocket error
    at a.value (https://change-detection.nicolkrit.ch/static/js/socket.io.min.js:6:4712)
    at ws.onerror (https://change-detection.nicolkrit.ch/static/js/socket.io.min.js:6:58447) @ https://change-detection.nicolkrit.ch/static/js/realtime.js:101
[   57763ms] [ERROR] WebSocket connection to 'wss://change-detection.nicolkrit.ch/socket.io/?EIO=4&transport=websocket' failed:  @ https://change-detection.nicolkrit.ch/static/js/socket.io.min.js:5
[   57763ms] [ERROR] Socket.IO connection error: Error: websocket error
    at a.value (https://change-detection.nicolkrit.ch/static/js/socket.io.min.js:6:4712)
    at ws.onerror (https://change-detection.nicolkrit.ch/static/js/socket.io.min.js:6:58447) @ https://change-detection.nicolkrit.ch/static/js/realtime.js:101
[   67373ms] [ERROR] WebSocket connection to 'wss://change-detection.nicolkrit.ch/socket.io/?EIO=4&transport=websocket' failed:  @ https://change-detection.nicolkrit.ch/static/js/socket.io.min.js:5
[   67373ms] [ERROR] Socket.IO connection error: Error: websocket error
    at a.value (https://change-detection.nicolkrit.ch/static/js/socket.io.min.js:6:4712)
    at ws.onerror (https://change-detection.nicolkrit.ch/static/js/socket.io.min.js:6:58447) @ https://change-detection.nicolkrit.ch/static/js/realtime.js:101
[   75298ms] [ERROR] WebSocket connection to 'wss://change-detection.nicolkrit.ch/socket.io/?EIO=4&transport=websocket' failed:  @ https://change-detection.nicolkrit.ch/static/js/socket.io.min.js:5
[   75298ms] [ERROR] Socket.IO connection error: Error: websocket error
    at a.value (https://change-detection.nicolkrit.ch/static/js/socket.io.min.js:6:4712)
    at ws.onerror (https://change-detection.nicolkrit.ch/static/js/socket.io.min.js:6:58447) @ https://change-detection.nicolkrit.ch/static/js/realtime.js:101
[   84951ms] [ERROR] WebSocket connection to 'wss://change-detection.nicolkrit.ch/socket.io/?EIO=4&transport=websocket' failed:  @ https://change-detection.nicolkrit.ch/static/js/socket.io.min.js:5
[   84952ms] [ERROR] Socket.IO connection error: Error: websocket error
    at a.value (https://change-detection.nicolkrit.ch/static/js/socket.io.min.js:6:4712)
    at ws.onerror (https://change-detection.nicolkrit.ch/static/js/socket.io.min.js:6:58447) @ https://change-detection.nicolkrit.ch/static/js/realtime.js:101
[   87791ms] [ERROR] WebSocket connection to 'wss://change-detection.nicolkrit.ch/socket.io/?EIO=4&transport=websocket' failed:  @ https://change-detection.nicolkrit.ch/static/js/socket.io.min.js:5
[   87791ms] [ERROR] Socket.IO connection error: Error: websocket error
    at a.value (https://change-detection.nicolkrit.ch/static/js/socket.io.min.js:6:4712)
    at ws.onerror (https://change-detection.nicolkrit.ch/static/js/socket.io.min.js:6:58447) @ https://change-detection.nicolkrit.ch/static/js/realtime.js:101
