[      76ms] [ERROR] WebSocket connection to 'wss://change-detection.nicolkrit.ch/socket.io/?EIO=4&transport=websocket' failed:  @ https://change-detection.nicolkrit.ch/static/js/socket.io.min.js:5
[      76ms] [ERROR] Socket.IO connection error: Error: websocket error
    at a.value (https://change-detection.nicolkrit.ch/static/js/socket.io.min.js:6:4712)
    at ws.onerror (https://change-detection.nicolkrit.ch/static/js/socket.io.min.js:6:58447) @ https://change-detection.nicolkrit.ch/static/js/realtime.js:101
[    3337ms] [ERROR] WebSocket connection to 'wss://change-detection.nicolkrit.ch/socket.io/?EIO=4&transport=websocket' failed:  @ https://change-detection.nicolkrit.ch/static/js/socket.io.min.js:5
[    3337ms] [ERROR] Socket.IO connection error: Error: websocket error
    at a.value (https://change-detection.nicolkrit.ch/static/js/socket.io.min.js:6:4712)
    at ws.onerror (https://change-detection.nicolkrit.ch/static/js/socket.io.min.js:6:58447) @ https://change-detection.nicolkrit.ch/static/js/realtime.js:101
[    7950ms] [ERROR] WebSocket connection to 'wss://change-detection.nicolkrit.ch/socket.io/?EIO=4&transport=websocket' failed:  @ https://change-detection.nicolkrit.ch/static/js/socket.io.min.js:5
[    7950ms] [ERROR] Socket.IO connection error: Error: websocket error
    at a.value (https://change-detection.nicolkrit.ch/static/js/socket.io.min.js:6:4712)
    at ws.onerror (https://change-detection.nicolkrit.ch/static/js/socket.io.min.js:6:58447) @ https://change-detection.nicolkrit.ch/static/js/realtime.js:101
[   12979ms] [ERROR] WebSocket connection to 'wss://change-detection.nicolkrit.ch/socket.io/?EIO=4&transport=websocket' failed:  @ https://change-detection.nicolkrit.ch/static/js/socket.io.min.js:5
[   12979ms] [ERROR] Socket.IO connection error: Error: websocket error
    at a.value (https://change-detection.nicolkrit.ch/static/js/socket.io.min.js:6:4712)
    at ws.onerror (https://change-detection.nicolkrit.ch/static/js/socket.io.min.js:6:58447) @ https://change-detection.nicolkrit.ch/static/js/realtime.js:101
[   18049ms] [ERROR] WebSocket connection to 'wss://change-detection.nicolkrit.ch/socket.io/?EIO=4&transport=websocket' failed:  @ https://change-detection.nicolkrit.ch/static/js/socket.io.min.js:5
[   18049ms] [ERROR] Socket.IO connection error: Error: websocket error
    at a.value (https://change-detection.nicolkrit.ch/static/js/socket.io.min.js:6:4712)
    at ws.onerror (https://change-detection.nicolkrit.ch/static/js/socket.io.min.js:6:58447) @ https://change-detection.nicolkrit.ch/static/js/realtime.js:101
