[    1350ms] [ERROR] WebSocket connection to 'wss://change-detection.nicolkrit.ch/socket.io/?EIO=4&transport=websocket' failed:  @ https://change-detection.nicolkrit.ch/static/js/socket.io.min.js:5
[    1350ms] [ERROR] Socket.IO connection error: Error: websocket error
    at a.value (https://change-detection.nicolkrit.ch/static/js/socket.io.min.js:6:4712)
    at ws.onerror (https://change-detection.nicolkrit.ch/static/js/socket.io.min.js:6:58447) @ https://change-detection.nicolkrit.ch/static/js/realtime.js:101
[    8246ms] [ERROR] WebSocket connection to 'wss://change-detection.nicolkrit.ch/socket.io/?EIO=4&transport=websocket' failed:  @ https://change-detection.nicolkrit.ch/static/js/socket.io.min.js:5
[    8246ms] [ERROR] Socket.IO connection error: Error: websocket error
    at a.value (https://change-detection.nicolkrit.ch/static/js/socket.io.min.js:6:4712)
    at ws.onerror (https://change-detection.nicolkrit.ch/static/js/socket.io.min.js:6:58447) @ https://change-detection.nicolkrit.ch/static/js/realtime.js:101
[   13019ms] [ERROR] WebSocket connection to 'wss://change-detection.nicolkrit.ch/socket.io/?EIO=4&transport=websocket' failed:  @ https://change-detection.nicolkrit.ch/static/js/socket.io.min.js:5
[   13019ms] [ERROR] Socket.IO connection error: Error: websocket error
    at a.value (https://change-detection.nicolkrit.ch/static/js/socket.io.min.js:6:4712)
    at ws.onerror (https://change-detection.nicolkrit.ch/static/js/socket.io.min.js:6:58447) @ https://change-detection.nicolkrit.ch/static/js/realtime.js:101
[   18024ms] [ERROR] WebSocket connection to 'wss://change-detection.nicolkrit.ch/socket.io/?EIO=4&transport=websocket' failed:  @ https://change-detection.nicolkrit.ch/static/js/socket.io.min.js:5
[   18024ms] [ERROR] Socket.IO connection error: Error: websocket error
    at a.value (https://change-detection.nicolkrit.ch/static/js/socket.io.min.js:6:4712)
    at ws.onerror (https://change-detection.nicolkrit.ch/static/js/socket.io.min.js:6:58447) @ https://change-detection.nicolkrit.ch/static/js/realtime.js:101
[   23028ms] [ERROR] WebSocket connection to 'wss://change-detection.nicolkrit.ch/socket.io/?EIO=4&transport=websocket' failed:  @ https://change-detection.nicolkrit.ch/static/js/socket.io.min.js:5
[   23028ms] [ERROR] Socket.IO connection error: Error: websocket error
    at a.value (https://change-detection.nicolkrit.ch/static/js/socket.io.min.js:6:4712)
    at ws.onerror (https://change-detection.nicolkrit.ch/static/js/socket.io.min.js:6:58447) @ https://change-detection.nicolkrit.ch/static/js/realtime.js:101
[   28033ms] [ERROR] WebSocket connection to 'wss://change-detection.nicolkrit.ch/socket.io/?EIO=4&transport=websocket' failed:  @ https://change-detection.nicolkrit.ch/static/js/socket.io.min.js:5
[   28033ms] [ERROR] Socket.IO connection error: Error: websocket error
    at a.value (https://change-detection.nicolkrit.ch/static/js/socket.io.min.js:6:4712)
    at ws.onerror (https://change-detection.nicolkrit.ch/static/js/socket.io.min.js:6:58447) @ https://change-detection.nicolkrit.ch/static/js/realtime.js:101
[   33038ms] [ERROR] WebSocket connection to 'wss://change-detection.nicolkrit.ch/socket.io/?EIO=4&transport=websocket' failed:  @ https://change-detection.nicolkrit.ch/static/js/socket.io.min.js:5
[   33038ms] [ERROR] Socket.IO connection error: Error: websocket error
    at a.value (https://change-detection.nicolkrit.ch/static/js/socket.io.min.js:6:4712)
    at ws.onerror (https://change-detection.nicolkrit.ch/static/js/socket.io.min.js:6:58447) @ https://change-detection.nicolkrit.ch/static/js/realtime.js:101
[   38044ms] [ERROR] WebSocket connection to 'wss://change-detection.nicolkrit.ch/socket.io/?EIO=4&transport=websocket' failed:  @ https://change-detection.nicolkrit.ch/static/js/socket.io.min.js:5
[   38044ms] [ERROR] Socket.IO connection error: Error: websocket error
    at a.value (https://change-detection.nicolkrit.ch/static/js/socket.io.min.js:6:4712)
    at ws.onerror (https://change-detection.nicolkrit.ch/static/js/socket.io.min.js:6:58447) @ https://change-detection.nicolkrit.ch/static/js/realtime.js:101
[   43053ms] [ERROR] WebSocket connection to 'wss://change-detection.nicolkrit.ch/socket.io/?EIO=4&transport=websocket' failed:  @ https://change-detection.nicolkrit.ch/static/js/socket.io.min.js:5
[   43053ms] [ERROR] Socket.IO connection error: Error: websocket error
    at a.value (https://change-detection.nicolkrit.ch/static/js/socket.io.min.js:6:4712)
    at ws.onerror (https://change-detection.nicolkrit.ch/static/js/socket.io.min.js:6:58447) @ https://change-detection.nicolkrit.ch/static/js/realtime.js:101
[   48073ms] [ERROR] WebSocket connection to 'wss://change-detection.nicolkrit.ch/socket.io/?EIO=4&transport=websocket' failed:  @ https://change-detection.nicolkrit.ch/static/js/socket.io.min.js:5
[   48073ms] [ERROR] Socket.IO connection error: Error: websocket error
    at a.value (https://change-detection.nicolkrit.ch/static/js/socket.io.min.js:6:4712)
    at ws.onerror (https://change-detection.nicolkrit.ch/static/js/socket.io.min.js:6:58447) @ https://change-detection.nicolkrit.ch/static/js/realtime.js:101
[   53100ms] [ERROR] WebSocket connection to 'wss://change-detection.nicolkrit.ch/socket.io/?EIO=4&transport=websocket' failed:  @ https://change-detection.nicolkrit.ch/static/js/socket.io.min.js:5
[   53100ms] [ERROR] Socket.IO connection error: Error: websocket error
    at a.value (https://change-detection.nicolkrit.ch/static/js/socket.io.min.js:6:4712)
    at ws.onerror (https://change-detection.nicolkrit.ch/static/js/socket.io.min.js:6:58447) @ https://change-detection.nicolkrit.ch/static/js/realtime.js:101
[   58169ms] [ERROR] WebSocket connection to 'wss://change-detection.nicolkrit.ch/socket.io/?EIO=4&transport=websocket' failed:  @ https://change-detection.nicolkrit.ch/static/js/socket.io.min.js:5
[   58169ms] [ERROR] Socket.IO connection error: Error: websocket error
    at a.value (https://change-detection.nicolkrit.ch/static/js/socket.io.min.js:6:4712)
    at ws.onerror (https://change-detection.nicolkrit.ch/static/js/socket.io.min.js:6:58447) @ https://change-detection.nicolkrit.ch/static/js/realtime.js:101
[   63290ms] [ERROR] WebSocket connection to 'wss://change-detection.nicolkrit.ch/socket.io/?EIO=4&transport=websocket' failed:  @ https://change-detection.nicolkrit.ch/static/js/socket.io.min.js:5
[   63291ms] [ERROR] Socket.IO connection error: Error: websocket error
    at a.value (https://change-detection.nicolkrit.ch/static/js/socket.io.min.js:6:4712)
    at ws.onerror (https://change-detection.nicolkrit.ch/static/js/socket.io.min.js:6:58447) @ https://change-detection.nicolkrit.ch/static/js/realtime.js:101
[   68610ms] [ERROR] WebSocket connection to 'wss://change-detection.nicolkrit.ch/socket.io/?EIO=4&transport=websocket' failed:  @ https://change-detection.nicolkrit.ch/static/js/socket.io.min.js:5
[   68610ms] [ERROR] Socket.IO connection error: Error: websocket error
    at a.value (https://change-detection.nicolkrit.ch/static/js/socket.io.min.js:6:4712)
    at ws.onerror (https://change-detection.nicolkrit.ch/static/js/socket.io.min.js:6:58447) @ https://change-detection.nicolkrit.ch/static/js/realtime.js:101
[   74212ms] [ERROR] WebSocket connection to 'wss://change-detection.nicolkrit.ch/socket.io/?EIO=4&transport=websocket' failed:  @ https://change-detection.nicolkrit.ch/static/js/socket.io.min.js:5
[   74212ms] [ERROR] Socket.IO connection error: Error: websocket error
    at a.value (https://change-detection.nicolkrit.ch/static/js/socket.io.min.js:6:4712)
    at ws.onerror (https://change-detection.nicolkrit.ch/static/js/socket.io.min.js:6:58447) @ https://change-detection.nicolkrit.ch/static/js/realtime.js:101
[   79954ms] [ERROR] WebSocket connection to 'wss://change-detection.nicolkrit.ch/socket.io/?EIO=4&transport=websocket' failed:  @ https://change-detection.nicolkrit.ch/static/js/socket.io.min.js:5
[   79954ms] [ERROR] Socket.IO connection error: Error: websocket error
    at a.value (https://change-detection.nicolkrit.ch/static/js/socket.io.min.js:6:4712)
    at ws.onerror (https://change-detection.nicolkrit.ch/static/js/socket.io.min.js:6:58447) @ https://change-detection.nicolkrit.ch/static/js/realtime.js:101
[   86966ms] [ERROR] WebSocket connection to 'wss://change-detection.nicolkrit.ch/socket.io/?EIO=4&transport=websocket' failed:  @ https://change-detection.nicolkrit.ch/static/js/socket.io.min.js:5
[   86966ms] [ERROR] Socket.IO connection error: Error: websocket error
    at a.value (https://change-detection.nicolkrit.ch/static/js/socket.io.min.js:6:4712)
    at ws.onerror (https://change-detection.nicolkrit.ch/static/js/socket.io.min.js:6:58447) @ https://change-detection.nicolkrit.ch/static/js/realtime.js:101
[   96791ms] [ERROR] WebSocket connection to 'wss://change-detection.nicolkrit.ch/socket.io/?EIO=4&transport=websocket' failed:  @ https://change-detection.nicolkrit.ch/static/js/socket.io.min.js:5
[   96791ms] [ERROR] Socket.IO connection error: Error: websocket error
    at a.value (https://change-detection.nicolkrit.ch/static/js/socket.io.min.js:6:4712)
    at ws.onerror (https://change-detection.nicolkrit.ch/static/js/socket.io.min.js:6:58447) @ https://change-detection.nicolkrit.ch/static/js/realtime.js:101
[  104023ms] [ERROR] WebSocket connection to 'wss://change-detection.nicolkrit.ch/socket.io/?EIO=4&transport=websocket' failed:  @ https://change-detection.nicolkrit.ch/static/js/socket.io.min.js:5
[  104023ms] [ERROR] Socket.IO connection error: Error: websocket error
    at a.value (https://change-detection.nicolkrit.ch/static/js/socket.io.min.js:6:4712)
    at ws.onerror (https://change-detection.nicolkrit.ch/static/js/socket.io.min.js:6:58447) @ https://change-detection.nicolkrit.ch/static/js/realtime.js:101
[  110404ms] [ERROR] WebSocket connection to 'wss://change-detection.nicolkrit.ch/socket.io/?EIO=4&transport=websocket' failed:  @ https://change-detection.nicolkrit.ch/static/js/socket.io.min.js:5
[  110405ms] [ERROR] Socket.IO connection error: Error: websocket error
    at a.value (https://change-detection.nicolkrit.ch/static/js/socket.io.min.js:6:4712)
    at ws.onerror (https://change-detection.nicolkrit.ch/static/js/socket.io.min.js:6:58447) @ https://change-detection.nicolkrit.ch/static/js/realtime.js:101
[  117900ms] [ERROR] WebSocket connection to 'wss://change-detection.nicolkrit.ch/socket.io/?EIO=4&transport=websocket' failed:  @ https://change-detection.nicolkrit.ch/static/js/socket.io.min.js:5
[  117900ms] [ERROR] Socket.IO connection error: Error: websocket error
    at a.value (https://change-detection.nicolkrit.ch/static/js/socket.io.min.js:6:4712)
    at ws.onerror (https://change-detection.nicolkrit.ch/static/js/socket.io.min.js:6:58447) @ https://change-detection.nicolkrit.ch/static/js/realtime.js:101
[  127069ms] [ERROR] WebSocket connection to 'wss://change-detection.nicolkrit.ch/socket.io/?EIO=4&transport=websocket' failed:  @ https://change-detection.nicolkrit.ch/static/js/socket.io.min.js:5
[  127069ms] [ERROR] Socket.IO connection error: Error: websocket error
    at a.value (https://change-detection.nicolkrit.ch/static/js/socket.io.min.js:6:4712)
    at ws.onerror (https://change-detection.nicolkrit.ch/static/js/socket.io.min.js:6:58447) @ https://change-detection.nicolkrit.ch/static/js/realtime.js:101
[  135278ms] [ERROR] WebSocket connection to 'wss://change-detection.nicolkrit.ch/socket.io/?EIO=4&transport=websocket' failed:  @ https://change-detection.nicolkrit.ch/static/js/socket.io.min.js:5
[  135278ms] [ERROR] Socket.IO connection error: Error: websocket error
    at a.value (https://change-detection.nicolkrit.ch/static/js/socket.io.min.js:6:4712)
    at ws.onerror (https://change-detection.nicolkrit.ch/static/js/socket.io.min.js:6:58447) @ https://change-detection.nicolkrit.ch/static/js/realtime.js:101
[  143231ms] [ERROR] WebSocket connection to 'wss://change-detection.nicolkrit.ch/socket.io/?EIO=4&transport=websocket' failed:  @ https://change-detection.nicolkrit.ch/static/js/socket.io.min.js:5
[  143231ms] [ERROR] Socket.IO connection error: Error: websocket error
    at a.value (https://change-detection.nicolkrit.ch/static/js/socket.io.min.js:6:4712)
    at ws.onerror (https://change-detection.nicolkrit.ch/static/js/socket.io.min.js:6:58447) @ https://change-detection.nicolkrit.ch/static/js/realtime.js:101
[  153168ms] [ERROR] WebSocket connection to 'wss://change-detection.nicolkrit.ch/socket.io/?EIO=4&transport=websocket' failed:  @ https://change-detection.nicolkrit.ch/static/js/socket.io.min.js:5
[  153168ms] [ERROR] Socket.IO connection error: Error: websocket error
    at a.value (https://change-detection.nicolkrit.ch/static/js/socket.io.min.js:6:4712)
    at ws.onerror (https://change-detection.nicolkrit.ch/static/js/socket.io.min.js:6:58447) @ https://change-detection.nicolkrit.ch/static/js/realtime.js:101
[  159214ms] [ERROR] WebSocket connection to 'wss://change-detection.nicolkrit.ch/socket.io/?EIO=4&transport=websocket' failed:  @ https://change-detection.nicolkrit.ch/static/js/socket.io.min.js:5
[  159214ms] [ERROR] Socket.IO connection error: Error: websocket error
    at a.value (https://change-detection.nicolkrit.ch/static/js/socket.io.min.js:6:4712)
    at ws.onerror (https://change-detection.nicolkrit.ch/static/js/socket.io.min.js:6:58447) @ https://change-detection.nicolkrit.ch/static/js/realtime.js:101
