[    2908ms] [ERROR] WebSocket connection to 'wss://change-detection.nicolkrit.ch/socket.io/?EIO=4&transport=websocket' failed:  @ https://change-detection.nicolkrit.ch/static/js/socket.io.min.js:5
[    2908ms] [ERROR] Socket.IO connection error: Error: websocket error
    at a.value (https://change-detection.nicolkrit.ch/static/js/socket.io.min.js:6:4712)
    at ws.onerror (https://change-detection.nicolkrit.ch/static/js/socket.io.min.js:6:58447) @ https://change-detection.nicolkrit.ch/static/js/realtime.js:101
[    9228ms] [ERROR] WebSocket connection to 'wss://change-detection.nicolkrit.ch/socket.io/?EIO=4&transport=websocket' failed:  @ https://change-detection.nicolkrit.ch/static/js/socket.io.min.js:5
[    9228ms] [ERROR] Socket.IO connection error: Error: websocket error
    at a.value (https://change-detection.nicolkrit.ch/static/js/socket.io.min.js:6:4712)
    at ws.onerror (https://change-detection.nicolkrit.ch/static/js/socket.io.min.js:6:58447) @ https://change-detection.nicolkrit.ch/static/js/realtime.js:101
[   16041ms] [ERROR] WebSocket connection to 'wss://change-detection.nicolkrit.ch/socket.io/?EIO=4&transport=websocket' failed:  @ https://change-detection.nicolkrit.ch/static/js/socket.io.min.js:5
[   16041ms] [ERROR] Socket.IO connection error: Error: websocket error
    at a.value (https://change-detection.nicolkrit.ch/static/js/socket.io.min.js:6:4712)
    at ws.onerror (https://change-detection.nicolkrit.ch/static/js/socket.io.min.js:6:58447) @ https://change-detection.nicolkrit.ch/static/js/realtime.js:101
[   22247ms] [ERROR] WebSocket connection to 'wss://change-detection.nicolkrit.ch/socket.io/?EIO=4&transport=websocket' failed:  @ https://change-detection.nicolkrit.ch/static/js/socket.io.min.js:5
[   22247ms] [ERROR] Socket.IO connection error: Error: websocket error
    at a.value (https://change-detection.nicolkrit.ch/static/js/socket.io.min.js:6:4712)
    at ws.onerror (https://change-detection.nicolkrit.ch/static/js/socket.io.min.js:6:58447) @ https://change-detection.nicolkrit.ch/static/js/realtime.js:101
[   29567ms] [ERROR] WebSocket connection to 'wss://change-detection.nicolkrit.ch/socket.io/?EIO=4&transport=websocket' failed:  @ https://change-detection.nicolkrit.ch/static/js/socket.io.min.js:5
[   29567ms] [ERROR] Socket.IO connection error: Error: websocket error
    at a.value (https://change-detection.nicolkrit.ch/static/js/socket.io.min.js:6:4712)
    at ws.onerror (https://change-detection.nicolkrit.ch/static/js/socket.io.min.js:6:58447) @ https://change-detection.nicolkrit.ch/static/js/realtime.js:101
[   39458ms] [ERROR] WebSocket connection to 'wss://change-detection.nicolkrit.ch/socket.io/?EIO=4&transport=websocket' failed:  @ https://change-detection.nicolkrit.ch/static/js/socket.io.min.js:5
[   39458ms] [ERROR] Socket.IO connection error: Error: websocket error
    at a.value (https://change-detection.nicolkrit.ch/static/js/socket.io.min.js:6:4712)
    at ws.onerror (https://change-detection.nicolkrit.ch/static/js/socket.io.min.js:6:58447) @ https://change-detection.nicolkrit.ch/static/js/realtime.js:101
[   46192ms] [ERROR] WebSocket connection to 'wss://change-detection.nicolkrit.ch/socket.io/?EIO=4&transport=websocket' failed:  @ https://change-detection.nicolkrit.ch/static/js/socket.io.min.js:5
[   46192ms] [ERROR] Socket.IO connection error: Error: websocket error
    at a.value (https://change-detection.nicolkrit.ch/static/js/socket.io.min.js:6:4712)
    at ws.onerror (https://change-detection.nicolkrit.ch/static/js/socket.io.min.js:6:58447) @ https://change-detection.nicolkrit.ch/static/js/realtime.js:101
