[     127ms] [ERROR] WebSocket connection to 'wss://change-detection.nicolkrit.ch/socket.io/?EIO=4&transport=websocket' failed:  @ https://change-detection.nicolkrit.ch/static/js/socket.io.min.js:5
[     127ms] [ERROR] Socket.IO connection error: Error: websocket error
    at a.value (https://change-detection.nicolkrit.ch/static/js/socket.io.min.js:6:4712)
    at ws.onerror (https://change-detection.nicolkrit.ch/static/js/socket.io.min.js:6:58447) @ https://change-detection.nicolkrit.ch/static/js/realtime.js:101
[    2157ms] [ERROR] WebSocket connection to 'wss://change-detection.nicolkrit.ch/socket.io/?EIO=4&transport=websocket' failed:  @ https://change-detection.nicolkrit.ch/static/js/socket.io.min.js:5
[    2157ms] [ERROR] Socket.IO connection error: Error: websocket error
    at a.value (https://change-detection.nicolkrit.ch/static/js/socket.io.min.js:6:4712)
    at ws.onerror (https://change-detection.nicolkrit.ch/static/js/socket.io.min.js:6:58447) @ https://change-detection.nicolkrit.ch/static/js/realtime.js:101
[    7165ms] [ERROR] WebSocket connection to 'wss://change-detection.nicolkrit.ch/socket.io/?EIO=4&transport=websocket' failed:  @ https://change-detection.nicolkrit.ch/static/js/socket.io.min.js:5
[    7166ms] [ERROR] Socket.IO connection error: Error: websocket error
    at a.value (https://change-detection.nicolkrit.ch/static/js/socket.io.min.js:6:4712)
    at ws.onerror (https://change-detection.nicolkrit.ch/static/js/socket.io.min.js:6:58447) @ https://change-detection.nicolkrit.ch/static/js/realtime.js:101
[   12180ms] [ERROR] WebSocket connection to 'wss://change-detection.nicolkrit.ch/socket.io/?EIO=4&transport=websocket' failed:  @ https://change-detection.nicolkrit.ch/static/js/socket.io.min.js:5
[   12180ms] [ERROR] Socket.IO connection error: Error: websocket error
    at a.value (https://change-detection.nicolkrit.ch/static/js/socket.io.min.js:6:4712)
    at ws.onerror (https://change-detection.nicolkrit.ch/static/js/socket.io.min.js:6:58447) @ https://change-detection.nicolkrit.ch/static/js/realtime.js:101
[   17186ms] [ERROR] WebSocket connection to 'wss://change-detection.nicolkrit.ch/socket.io/?EIO=4&transport=websocket' failed:  @ https://change-detection.nicolkrit.ch/static/js/socket.io.min.js:5
[   17186ms] [ERROR] Socket.IO connection error: Error: websocket error
    at a.value (https://change-detection.nicolkrit.ch/static/js/socket.io.min.js:6:4712)
    at ws.onerror (https://change-detection.nicolkrit.ch/static/js/socket.io.min.js:6:58447) @ https://change-detection.nicolkrit.ch/static/js/realtime.js:101
[   22192ms] [ERROR] WebSocket connection to 'wss://change-detection.nicolkrit.ch/socket.io/?EIO=4&transport=websocket' failed:  @ https://change-detection.nicolkrit.ch/static/js/socket.io.min.js:5
[   22192ms] [ERROR] Socket.IO connection error: Error: websocket error
    at a.value (https://change-detection.nicolkrit.ch/static/js/socket.io.min.js:6:4712)
    at ws.onerror (https://change-detection.nicolkrit.ch/static/js/socket.io.min.js:6:58447) @ https://change-detection.nicolkrit.ch/static/js/realtime.js:101
[   24707ms] [ERROR] WebSocket connection to 'wss://change-detection.nicolkrit.ch/socket.io/?EIO=4&transport=websocket' failed:  @ https://change-detection.nicolkrit.ch/static/js/socket.io.min.js:5
[   24707ms] [ERROR] Socket.IO connection error: Error: websocket error
    at a.value (https://change-detection.nicolkrit.ch/static/js/socket.io.min.js:6:4712)
    at ws.onerror (https://change-detection.nicolkrit.ch/static/js/socket.io.min.js:6:58447) @ https://change-detection.nicolkrit.ch/static/js/realtime.js:101
[   29220ms] [ERROR] WebSocket connection to 'wss://change-detection.nicolkrit.ch/socket.io/?EIO=4&transport=websocket' failed:  @ https://change-detection.nicolkrit.ch/static/js/socket.io.min.js:5
[   29220ms] [ERROR] Socket.IO connection error: Error: websocket error
    at a.value (https://change-detection.nicolkrit.ch/static/js/socket.io.min.js:6:4712)
    at ws.onerror (https://change-detection.nicolkrit.ch/static/js/socket.io.min.js:6:58447) @ https://change-detection.nicolkrit.ch/static/js/realtime.js:101
[   33378ms] [ERROR] WebSocket connection to 'wss://change-detection.nicolkrit.ch/socket.io/?EIO=4&transport=websocket' failed:  @ https://change-detection.nicolkrit.ch/static/js/socket.io.min.js:5
[   33379ms] [ERROR] Socket.IO connection error: Error: websocket error
    at a.value (https://change-detection.nicolkrit.ch/static/js/socket.io.min.js:6:4712)
    at ws.onerror (https://change-detection.nicolkrit.ch/static/js/socket.io.min.js:6:58447) @ https://change-detection.nicolkrit.ch/static/js/realtime.js:101
[   38527ms] [ERROR] WebSocket connection to 'wss://change-detection.nicolkrit.ch/socket.io/?EIO=4&transport=websocket' failed:  @ https://change-detection.nicolkrit.ch/static/js/socket.io.min.js:5
[   38528ms] [ERROR] Socket.IO connection error: Error: websocket error
    at a.value (https://change-detection.nicolkrit.ch/static/js/socket.io.min.js:6:4712)
    at ws.onerror (https://change-detection.nicolkrit.ch/static/js/socket.io.min.js:6:58447) @ https://change-detection.nicolkrit.ch/static/js/realtime.js:101
[   43656ms] [ERROR] WebSocket connection to 'wss://change-detection.nicolkrit.ch/socket.io/?EIO=4&transport=websocket' failed:  @ https://change-detection.nicolkrit.ch/static/js/socket.io.min.js:5
[   43656ms] [ERROR] Socket.IO connection error: Error: websocket error
    at a.value (https://change-detection.nicolkrit.ch/static/js/socket.io.min.js:6:4712)
    at ws.onerror (https://change-detection.nicolkrit.ch/static/js/socket.io.min.js:6:58447) @ https://change-detection.nicolkrit.ch/static/js/realtime.js:101
[   48936ms] [ERROR] WebSocket connection to 'wss://change-detection.nicolkrit.ch/socket.io/?EIO=4&transport=websocket' failed:  @ https://change-detection.nicolkrit.ch/static/js/socket.io.min.js:5
[   48936ms] [ERROR] Socket.IO connection error: Error: websocket error
    at a.value (https://change-detection.nicolkrit.ch/static/js/socket.io.min.js:6:4712)
    at ws.onerror (https://change-detection.nicolkrit.ch/static/js/socket.io.min.js:6:58447) @ https://change-detection.nicolkrit.ch/static/js/realtime.js:101
[   54950ms] [ERROR] WebSocket connection to 'wss://change-detection.nicolkrit.ch/socket.io/?EIO=4&transport=websocket' failed:  @ https://change-detection.nicolkrit.ch/static/js/socket.io.min.js:5
[   54950ms] [ERROR] Socket.IO connection error: Error: websocket error
    at a.value (https://change-detection.nicolkrit.ch/static/js/socket.io.min.js:6:4712)
    at ws.onerror (https://change-detection.nicolkrit.ch/static/js/socket.io.min.js:6:58447) @ https://change-detection.nicolkrit.ch/static/js/realtime.js:101
[   60961ms] [ERROR] WebSocket connection to 'wss://change-detection.nicolkrit.ch/socket.io/?EIO=4&transport=websocket' failed:  @ https://change-detection.nicolkrit.ch/static/js/socket.io.min.js:5
[   60961ms] [ERROR] Socket.IO connection error: Error: websocket error
    at a.value (https://change-detection.nicolkrit.ch/static/js/socket.io.min.js:6:4712)
    at ws.onerror (https://change-detection.nicolkrit.ch/static/js/socket.io.min.js:6:58447) @ https://change-detection.nicolkrit.ch/static/js/realtime.js:101
[   69842ms] [ERROR] WebSocket connection to 'wss://change-detection.nicolkrit.ch/socket.io/?EIO=4&transport=websocket' failed:  @ https://change-detection.nicolkrit.ch/static/js/socket.io.min.js:5
[   69842ms] [ERROR] Socket.IO connection error: Error: websocket error
    at a.value (https://change-detection.nicolkrit.ch/static/js/socket.io.min.js:6:4712)
    at ws.onerror (https://change-detection.nicolkrit.ch/static/js/socket.io.min.js:6:58447) @ https://change-detection.nicolkrit.ch/static/js/realtime.js:101
[   76450ms] [ERROR] WebSocket connection to 'wss://change-detection.nicolkrit.ch/socket.io/?EIO=4&transport=websocket' failed:  @ https://change-detection.nicolkrit.ch/static/js/socket.io.min.js:5
[   76451ms] [ERROR] Socket.IO connection error: Error: websocket error
    at a.value (https://change-detection.nicolkrit.ch/static/js/socket.io.min.js:6:4712)
    at ws.onerror (https://change-detection.nicolkrit.ch/static/js/socket.io.min.js:6:58447) @ https://change-detection.nicolkrit.ch/static/js/realtime.js:101
[   84916ms] [ERROR] WebSocket connection to 'wss://change-detection.nicolkrit.ch/socket.io/?EIO=4&transport=websocket' failed:  @ https://change-detection.nicolkrit.ch/static/js/socket.io.min.js:5
[   84916ms] [ERROR] Socket.IO connection error: Error: websocket error
    at a.value (https://change-detection.nicolkrit.ch/static/js/socket.io.min.js:6:4712)
    at ws.onerror (https://change-detection.nicolkrit.ch/static/js/socket.io.min.js:6:58447) @ https://change-detection.nicolkrit.ch/static/js/realtime.js:101
[   93091ms] [ERROR] WebSocket connection to 'wss://change-detection.nicolkrit.ch/socket.io/?EIO=4&transport=websocket' failed:  @ https://change-detection.nicolkrit.ch/static/js/socket.io.min.js:5
[   93091ms] [ERROR] Socket.IO connection error: Error: websocket error
    at a.value (https://change-detection.nicolkrit.ch/static/js/socket.io.min.js:6:4712)
    at ws.onerror (https://change-detection.nicolkrit.ch/static/js/socket.io.min.js:6:58447) @ https://change-detection.nicolkrit.ch/static/js/realtime.js:101
[  102240ms] [ERROR] WebSocket connection to 'wss://change-detection.nicolkrit.ch/socket.io/?EIO=4&transport=websocket' failed:  @ https://change-detection.nicolkrit.ch/static/js/socket.io.min.js:5
[  102240ms] [ERROR] Socket.IO connection error: Error: websocket error
    at a.value (https://change-detection.nicolkrit.ch/static/js/socket.io.min.js:6:4712)
    at ws.onerror (https://change-detection.nicolkrit.ch/static/js/socket.io.min.js:6:58447) @ https://change-detection.nicolkrit.ch/static/js/realtime.js:101
[  109960ms] [ERROR] WebSocket connection to 'wss://change-detection.nicolkrit.ch/socket.io/?EIO=4&transport=websocket' failed:  @ https://change-detection.nicolkrit.ch/static/js/socket.io.min.js:5
[  109960ms] [ERROR] Socket.IO connection error: Error: websocket error
    at a.value (https://change-detection.nicolkrit.ch/static/js/socket.io.min.js:6:4712)
    at ws.onerror (https://change-detection.nicolkrit.ch/static/js/socket.io.min.js:6:58447) @ https://change-detection.nicolkrit.ch/static/js/realtime.js:101
[  117753ms] [ERROR] WebSocket connection to 'wss://change-detection.nicolkrit.ch/socket.io/?EIO=4&transport=websocket' failed:  @ https://change-detection.nicolkrit.ch/static/js/socket.io.min.js:5
[  117754ms] [ERROR] Socket.IO connection error: Error: websocket error
    at a.value (https://change-detection.nicolkrit.ch/static/js/socket.io.min.js:6:4712)
    at ws.onerror (https://change-detection.nicolkrit.ch/static/js/socket.io.min.js:6:58447) @ https://change-detection.nicolkrit.ch/static/js/realtime.js:101
[  124761ms] [ERROR] WebSocket connection to 'wss://change-detection.nicolkrit.ch/socket.io/?EIO=4&transport=websocket' failed:  @ https://change-detection.nicolkrit.ch/static/js/socket.io.min.js:5
[  124761ms] [ERROR] Socket.IO connection error: Error: websocket error
    at a.value (https://change-detection.nicolkrit.ch/static/js/socket.io.min.js:6:4712)
    at ws.onerror (https://change-detection.nicolkrit.ch/static/js/socket.io.min.js:6:58447) @ https://change-detection.nicolkrit.ch/static/js/realtime.js:101
[  132160ms] [ERROR] WebSocket connection to 'wss://change-detection.nicolkrit.ch/socket.io/?EIO=4&transport=websocket' failed:  @ https://change-detection.nicolkrit.ch/static/js/socket.io.min.js:5
[  132160ms] [ERROR] Socket.IO connection error: Error: websocket error
    at a.value (https://change-detection.nicolkrit.ch/static/js/socket.io.min.js:6:4712)
    at ws.onerror (https://change-detection.nicolkrit.ch/static/js/socket.io.min.js:6:58447) @ https://change-detection.nicolkrit.ch/static/js/realtime.js:101
[  140277ms] [ERROR] WebSocket connection to 'wss://change-detection.nicolkrit.ch/socket.io/?EIO=4&transport=websocket' failed:  @ https://change-detection.nicolkrit.ch/static/js/socket.io.min.js:5
[  140277ms] [ERROR] Socket.IO connection error: Error: websocket error
    at a.value (https://change-detection.nicolkrit.ch/static/js/socket.io.min.js:6:4712)
    at ws.onerror (https://change-detection.nicolkrit.ch/static/js/socket.io.min.js:6:58447) @ https://change-detection.nicolkrit.ch/static/js/realtime.js:101
[  146850ms] [ERROR] WebSocket connection to 'wss://change-detection.nicolkrit.ch/socket.io/?EIO=4&transport=websocket' failed:  @ https://change-detection.nicolkrit.ch/static/js/socket.io.min.js:5
[  146850ms] [ERROR] Socket.IO connection error: Error: websocket error
    at a.value (https://change-detection.nicolkrit.ch/static/js/socket.io.min.js:6:4712)
    at ws.onerror (https://change-detection.nicolkrit.ch/static/js/socket.io.min.js:6:58447) @ https://change-detection.nicolkrit.ch/static/js/realtime.js:101
[  156001ms] [ERROR] WebSocket connection to 'wss://change-detection.nicolkrit.ch/socket.io/?EIO=4&transport=websocket' failed:  @ https://change-detection.nicolkrit.ch/static/js/socket.io.min.js:5
[  156001ms] [ERROR] Socket.IO connection error: Error: websocket error
    at a.value (https://change-detection.nicolkrit.ch/static/js/socket.io.min.js:6:4712)
    at ws.onerror (https://change-detection.nicolkrit.ch/static/js/socket.io.min.js:6:58447) @ https://change-detection.nicolkrit.ch/static/js/realtime.js:101
[  165540ms] [ERROR] WebSocket connection to 'wss://change-detection.nicolkrit.ch/socket.io/?EIO=4&transport=websocket' failed:  @ https://change-detection.nicolkrit.ch/static/js/socket.io.min.js:5
[  165540ms] [ERROR] Socket.IO connection error: Error: websocket error
    at a.value (https://change-detection.nicolkrit.ch/static/js/socket.io.min.js:6:4712)
    at ws.onerror (https://change-detection.nicolkrit.ch/static/js/socket.io.min.js:6:58447) @ https://change-detection.nicolkrit.ch/static/js/realtime.js:101
